// Jest Snapshot v1, https://goo.gl/fbAQLP

exports[`createLink should respond on error: data 1`] = `"{}"`;

exports[`createLink should respond with success: data 1`] = `"{\\"url\\":\\"https://test.com/test1\\",\\"original\\":\\"https://example1.com\\"}"`;
