// Jest Snapshot v1, https://goo.gl/fbAQLP

exports[`notFound should redirect on error: headers 1`] = `
Object {
  "location": "/",
}
`;
